../Core/Src/main.c:62:13:Eth_network_init	88	static
../Core/Src/main.c:105:7:wizchip_select	8	static
../Core/Src/main.c:110:7:wizchip_deselect	8	static
../Core/Src/main.c:115:7:wizchip_write	16	static
../Core/Src/main.c:120:9:wizchip_read	24	static
../Core/Src/main.c:127:6:SPI_read_bus	32	static
../Core/Src/main.c:134:6:SPI_Write_bus	16	static
../Core/Src/main.c:140:6:Spi_Ethernet_Init	8	static
../Core/Src/main.c:150:6:Test_Ethernet	24	static
../Core/Src/main.c:170:5:main	8	static
../Core/Src/main.c:217:6:SystemClock_Config	88	static
../Core/Src/main.c:265:13:MX_SPI2_Init	8	static
../Core/Src/main.c:303:13:MX_GPIO_Init	40	static
../Core/Src/main.c:332:6:Error_Handler	4	static,ignoring_inline_asm
